// Jest Snapshot v1, https://goo.gl/fbAQLP

exports[`void-tags: void-tags.html 1`] = `
------------SOURCE PREVIEW------------
<div>
  <area shape="" coords="" href="">
  <base href="">
  <br>
  <col>
  <embed src="catgame.swf">
  <hr>
  <img src="catmeme.gif">
  <input type="text" name="address">
  <input type="text" name="notes"/>
  <link rel="stylesheet" type="text/css" href="">
  <meta charset="utf-8">
  <param name="" value="">
  <source src="" type="">
  <track kind="" src="">
  <wbr>
</div>

------------OUTPUT PREVIEW------------

<div>
  <area shape="" coords="" href="">
  <base href="">
  <br>
  <col>
  <embed src="catgame.swf">
  <hr>
  <img src="catmeme.gif">
  <input type="text" name="address">
  <input type="text" name="notes">
  <link
    rel="stylesheet"
    type="text/css"
    href="">
  <meta charset="utf-8">
  <param name="" value="">
  <source src="" type="">
  <track kind="" src="">
  <wbr>
</div>

`;
