// Jest Snapshot v1, https://goo.gl/fbAQLP

exports[`preformatted: preformatted.html 1`] = `
------------SOURCE PREVIEW------------
<pre>This
         should
               keep
                   whitespace</pre>

<div>
  <pre>
    So should
this</pre>
</div>

<div>
  <pre>
    <code>
        And    this
    </code>
  </pre>
</div>

<div>
  <pre><code>
      And    this</code></pre>
</div>

<div>
  <pre class="align-right">
    One
attribute</pre>
</div>

<div>
  <pre class="align-right" class="faux-tab" ng-repeat="(key, value) in $ctrl.searchTypes" ng-class="{ 'active': key === $ctrl.searchType }" ng-click="$ctrl.switchSearchType(key)">
Many
          attributes
      here
  </pre>
</div>

------------OUTPUT PREVIEW------------

<pre>This
         should
               keep
                   whitespace</pre>

<div>
  <pre>
    So should
this</pre>
</div>

<div>
  <pre>
    <code>
        And    this
    </code>
  </pre>
</div>

<div>
  <pre><code>
      And    this</code></pre>
</div>

<div>
  <pre class="align-right">
    One
attribute</pre>
</div>

<div>
  <pre
    class="faux-tab"
    ng-repeat="(key, value) in $ctrl.searchTypes"
    ng-class="{ 'active': key === $ctrl.searchType }"
    ng-click="$ctrl.switchSearchType(key)">
Many
          attributes
      here
  </pre>
</div>

`;
